node.exe : [1m[33mNode packages may not be installed. Try installing with 'npm install'.[39m[22m
At line:1 char:1
+ & "D:\24_JS/node.exe" "C:\Users\mayur\AppData\Roaming\npm/node_module ...
+ ~~~~~~~~~~~~~~~~~~~~~~~~~~~~~~~~~~~~~~~~~~~~~~~~~~~~~~~~~~~~~~~~~~~~~
    + CategoryInfo          : NotSpecified: ([1m[33mNode p...all'.[39m[22m:String) [], RemoteException
    + FullyQualifiedErrorId : NativeCommandError
 
[1m[31mError: Could not find the '@angular/build:application' builder's node package.[39m[22m
